// Jest Snapshot v1, https://goo.gl/fbAQLP

exports[`NavbarDropdownItem should render correctly 1`] = `
.c0 {
  font-family: 'Roboto',sans-serif;
  font-size: 1rem;
  color: #FFFFFF;
  min-height: 1.5rem;
  margin-bottom: 1.5rem;
  white-space: nowrap;
  -webkit-text-decoration: none;
  text-decoration: none;
  cursor: pointer;
}

.c0:hover {
  -webkit-text-decoration: underline;
  text-decoration: underline;
}

@media (min-width:48rem) {
  .c0 {
    color: #990000;
  }
}

<NavbarDropdownItem>
  <styled.a>
    <StyledComponent
      forwardedClass={
        Object {
          "$$typeof": Symbol(react.forward_ref),
          "attrs": Array [],
          "componentStyle": ComponentStyle {
            "componentId": "sc-bdVaJa",
            "isStatic": false,
            "lastClassName": "c0",
            "rules": Array [
              "
  font-family: ",
              [Function],
              ";
  font-size: 1rem;
  color: ",
              [Function],
              ";
  min-height: 1.5rem;
  margin-bottom: 1.5rem;
  white-space: nowrap;
  text-decoration: none;
  cursor: pointer;

  &:hover { 
    text-decoration: underline;
  }

  @media(min-width: ",
              [Function],
              ") {
    color: ",
              [Function],
              ";
  }
",
            ],
          },
          "displayName": "styled.a",
          "render": [Function],
          "styledComponentId": "sc-bdVaJa",
          "target": "a",
          "toString": [Function],
          "warnTooManyClasses": [Function],
          "withComponent": [Function],
        }
      }
      forwardedRef={null}
    >
      <a
        className="c0"
      />
    </StyledComponent>
  </styled.a>
</NavbarDropdownItem>
`;
