// Jest Snapshot v1, https://goo.gl/fbAQLP

exports[`Separator should render correctly 1`] = `
.c0 {
  width: 100%;
  height: 2px;
}

<Separator>
  <styled.div>
    <StyledComponent
      forwardedClass={
        Object {
          "$$typeof": Symbol(react.forward_ref),
          "attrs": Array [],
          "componentStyle": ComponentStyle {
            "componentId": "sc-bdVaJa",
            "isStatic": false,
            "lastClassName": "c0",
            "rules": Array [
              "
  width: 100%;
  height: 2px;
  background-color: ",
              [Function],
              ";
",
            ],
          },
          "displayName": "styled.div",
          "render": [Function],
          "styledComponentId": "sc-bdVaJa",
          "target": "div",
          "toString": [Function],
          "warnTooManyClasses": [Function],
          "withComponent": [Function],
        }
      }
      forwardedRef={null}
    >
      <div
        className="c0"
      />
    </StyledComponent>
  </styled.div>
</Separator>
`;
